2026-08-24 09:25:46.705 WARNING streamlit.runtime.scriptrunner_utils.script_run_context: Thread 'MainThread': missing ScriptRunContext! This warning can be ignored when running in bare mode.
2026-08-24 09:25:46.705 WARNING streamlit.runtime.scriptrunner_utils.script_run_context: Thread 'MainThread': missing ScriptRunContext! This warning can be ignored when running in bare mode.
2026-08-24 09:25:47.040 
  Warning: to view this Streamlit app on a browser, run it with the following
  command:

    streamlit run resolve_my.py [ARGUMENTS]
2026-08-24 09:25:47.040 Thread 'MainThread': missing ScriptRunContext! This warning can be ignored when running in bare mode.
2026-08-24 09:25:47.040 Thread 'MainThread': missing ScriptRunContext! This warning can be ignored when running in bare mode.
2026-08-24 09:25:47.040 Thread 'MainThread': missing ScriptRunContext! This warning can be ignored when running in bare mode.
2026-08-24 09:25:47.040 Thread 'MainThread': missing ScriptRunContext! This warning can be ignored when running in bare mode.
2026-08-24 09:25:47.040 Thread 'MainThread': missing ScriptRunContext! This warning can be ignored when running in bare mode.
2026-08-24 09:25:47.040 Thread 'MainThread': missing ScriptRunContext! This warning can be ignored when running in bare mode.
2026-08-24 09:25:47.041 No runtime found, using MemoryCacheStorageManager
2026-08-24 09:25:47.042 No runtime found, using MemoryCacheStorageManager
2026-08-24 09:25:47.044 Thread 'MainThread': missing ScriptRunContext! This warning can be ignored when running in bare mode.
2026-08-24 09:25:47.044 Thread 'MainThread': missing ScriptRunContext! This warning can be ignored when running in bare mode.
2026-08-24 09:25:47.044 Thread 'MainThread': missing ScriptRunContext! This warning can be ignored when running in bare mode.
2026-08-24 09:25:47.044 Thread 'MainThread': missing ScriptRunContext! This warning can be ignored when running in bare mode.
2026-08-24 09:25:47.044 Thread 'MainThread': missing ScriptRunContext! This warning can be ignored when running in bare mode.
2026-08-24 09:25:47.044 Thread 'MainThread': missing ScriptRunContext! This warning can be ignored when running in bare mode.
2026-08-24 09:25:47.044 Thread 'MainThread': missing ScriptRunContext! This warning can be ignored when running in bare mode.
2026-08-24 09:25:47.045 Thread 'MainThread': missing ScriptRunContext! This warning can be ignored when running in bare mode.
2026-08-24 09:25:47.045 Thread 'MainThread': missing ScriptRunContext! This warning can be ignored when running in bare mode.
2026-08-24 09:25:47.045 Session state does not function when running a script without `streamlit run`
2026-08-24 09:25:47.045 Thread 'MainThread': missing ScriptRunContext! This warning can be ignored when running in bare mode.
2026-08-24 09:25:47.045 Thread 'MainThread': missing ScriptRunContext! This warning can be ignored when running in bare mode.
2026-08-24 09:25:47.046 Thread 'MainThread': missing ScriptRunContext! This warning can be ignored when running in bare mode.
2026-08-24 09:25:47.046 Thread 'MainThread': missing ScriptRunContext! This warning can be ignored when running in bare mode.
2026-08-24 09:25:47.046 Thread 'MainThread': missing ScriptRunContext! This warning can be ignored when running in bare mode.
2026-08-24 09:25:47.046 Thread 'MainThread': missing ScriptRunContext! This warning can be ignored when running in bare mode.
2026-08-24 09:25:47.046 Thread 'MainThread': missing ScriptRunContext! This warning can be ignored when running in bare mode.
2026-08-24 09:25:47.046 Thread 'MainThread': missing ScriptRunContext! This warning can be ignored when running in bare mode.
2026-08-24 09:25:47.046 Thread 'MainThread': missing ScriptRunContext! This warning can be ignored when running in bare mode.
2026-08-24 09:25:47.046 Thread 'MainThread': missing ScriptRunContext! This warning can be ignored when running in bare mode.
2026-08-24 09:25:47.046 Thread 'MainThread': missing ScriptRunContext! This warning can be ignored when running in bare mode.
2026-08-24 09:25:47.046 Thread 'MainThread': missing ScriptRunContext! This warning can be ignored when running in bare mode.
2026-08-24 09:25:47.047 Thread 'MainThread': missing ScriptRunContext! This warning can be ignored when running in bare mode.
2026-08-24 09:25:47.047 Thread 'MainThread': missing ScriptRunContext! This warning can be ignored when running in bare mode.
2026-08-24 09:25:47.047 Thread 'MainThread': missing ScriptRunContext! This warning can be ignored when running in bare mode.
2026-08-24 09:25:47.047 Thread 'MainThread': missing ScriptRunContext! This warning can be ignored when running in bare mode.
2026-08-24 09:25:47.047 Thread 'MainThread': missing ScriptRunContext! This warning can be ignored when running in bare mode.
2026-08-24 09:25:47.047 Thread 'MainThread': missing ScriptRunContext! This warning can be ignored when running in bare mode.
2026-08-24 09:25:47.047 Thread 'MainThread': missing ScriptRunContext! This warning can be ignored when running in bare mode.
2026-08-24 09:25:47.047 Thread 'MainThread': missing ScriptRunContext! This warning can be ignored when running in bare mode.
2026-08-24 09:25:47.047 Thread 'MainThread': missing ScriptRunContext! This warning can be ignored when running in bare mode.
2026-08-24 09:25:47.047 Thread 'MainThread': missing ScriptRunContext! This warning can be ignored when running in bare mode.
2026-08-24 09:25:47.047 Thread 'MainThread': missing ScriptRunContext! This warning can be ignored when running in bare mode.
2026-08-24 09:25:47.047 Thread 'MainThread': missing ScriptRunContext! This warning can be ignored when running in bare mode.
2026-08-24 09:25:47.048 Thread 'MainThread': missing ScriptRunContext! This warning can be ignored when running in bare mode.
2026-08-24 09:25:47.048 Thread 'MainThread': missing ScriptRunContext! This warning can be ignored when running in bare mode.
2026-08-24 09:25:47.048 Thread 'MainThread': missing ScriptRunContext! This warning can be ignored when running in bare mode.
2026-08-24 09:25:47.048 Thread 'MainThread': missing ScriptRunContext! This warning can be ignored when running in bare mode.
2026-08-24 09:25:47.048 Thread 'MainThread': missing ScriptRunContext! This warning can be ignored when running in bare mode.
2026-08-24 09:25:47.048 Thread 'MainThread': missing ScriptRunContext! This warning can be ignored when running in bare mode.
2026-08-24 09:25:47.048 Thread 'MainThread': missing ScriptRunContext! This warning can be ignored when running in bare mode.
2026-08-24 09:25:47.048 Thread 'MainThread': missing ScriptRunContext! This warning can be ignored when running in bare mode.
2026-08-24 09:25:47.048 Thread 'MainThread': missing ScriptRunContext! This warning can be ignored when running in bare mode.
2026-08-24 09:25:47.048 Thread 'MainThread': missing ScriptRunContext! This warning can be ignored when running in bare mode.
2026-08-24 09:25:47.048 Thread 'MainThread': missing ScriptRunContext! This warning can be ignored when running in bare mode.
2026-08-24 09:25:47.049 Thread 'MainThread': missing ScriptRunContext! This warning can be ignored when running in bare mode.
2026-08-24 09:25:47.049 Thread 'MainThread': missing ScriptRunContext! This warning can be ignored when running in bare mode.
2026-08-24 09:25:47.049 Thread 'MainThread': missing ScriptRunContext! This warning can be ignored when running in bare mode.
2026-08-24 09:25:47.049 Thread 'MainThread': missing ScriptRunContext! This warning can be ignored when running in bare mode.
2026-08-24 09:25:47.049 Thread 'MainThread': missing ScriptRunContext! This warning can be ignored when running in bare mode.
2026-08-24 09:25:47.049 Thread 'MainThread': missing ScriptRunContext! This warning can be ignored when running in bare mode.
2026-08-24 09:25:47.049 Thread 'MainThread': missing ScriptRunContext! This warning can be ignored when running in bare mode.
2026-08-24 09:25:47.049 Thread 'MainThread': missing ScriptRunContext! This warning can be ignored when running in bare mode.
2026-08-24 09:25:47.049 Thread 'MainThread': missing ScriptRunContext! This warning can be ignored when running in bare mode.
2026-08-24 09:25:47.049 Thread 'MainThread': missing ScriptRunContext! This warning can be ignored when running in bare mode.
2026-08-24 09:25:47.049 Thread 'MainThread': missing ScriptRunContext! This warning can be ignored when running in bare mode.
2026-08-24 09:25:47.050 Thread 'MainThread': missing ScriptRunContext! This warning can be ignored when running in bare mode.
2026-08-24 09:25:47.050 Thread 'MainThread': missing ScriptRunContext! This warning can be ignored when running in bare mode.
2026-08-24 09:25:47.050 No runtime found, using MemoryCacheStorageManager
['1155.KL', '5347.KL', '1295.KL', 'BNGA.JK', '8869.KL', '6742.KL', '6742.KL', '0P0001MMZ6.F', 'IHHY.AX', '6947.KL', 'TM', '5296.KL', '6033.KL', 'SIM', '3816.KL', 'KLKNF', '1961.KL', 'PPBT', 'NESN.SW', '2558.T', '0166.KL', 'G13.SI', 'GENM', '1015.KL', '1066.KL', '5819.KL', '2836.KL', '5263.KL', '5398.KL']
